// Jest Snapshot v1, https://goo.gl/fbAQLP

exports[`Alert matched snapshot 1`] = `
<DocumentFragment>
  <div
    class="flex items-center w-full max-w-lg p-4 text-gray-500 bg-white rounded-lg shadow dark:text-gray-400 dark:bg-gray-800"
    data-testid="TestId"
  >
    <div
      class="inline-flex items-center justify-center flex-shrink-0 w-8 h-8 text-red-500 bg-red-100 rounded-lg dark:bg-red-800 dark:text-red-200"
    >
      <svg
        aria-hidden="true"
        class="w-5 h-5"
        fill="currentColor"
        viewBox="0 0 20 20"
        xmlns="http://www.w3.org/2000/svg"
      >
        <path
          d="M10 .5a9.5 9.5 0 1 0 9.5 9.5A9.51 9.51 0 0 0 10 .5Zm3.707 11.793a1 1 0 1 1-1.414 1.414L10 11.414l-2.293 2.293a1 1 0 0 1-1.414-1.414L8.586 10 6.293 7.707a1 1 0 0 1 1.414-1.414L10 8.586l2.293-2.293a1 1 0 0 1 1.414 1.414L11.414 10l2.293 2.293Z"
        />
      </svg>
    </div>
    <div
      class="ms-3 text-sm font-normal"
      data-testid="TestId-text"
    >
      Dummy alert
    </div>
    <button
      aria-label="Close"
      class="ml-3.5 rounded-lg focus:ring-2 focus:ring-gray-300hover:b g-gray-100 inline-flex items-center justify-center h-8 w-8 text-gray-500 hover:text-white bg-gray-800 hover:bg-gray-700"
      data-dismiss-target="#toast-danger"
      data-testid="TestId-button"
      type="button"
    >
      <span
        class="sr-only"
      >
        Close
      </span>
      <svg
        aria-hidden="true"
        class="w-3 h-3"
        fill="none"
        viewBox="0 0 14 14"
        xmlns="http://www.w3.org/2000/svg"
      >
        <path
          d="m1 1 6 6m0 0 6 6M7 7l6-6M7 7l-6 6"
          stroke="currentColor"
          stroke-linecap="round"
          stroke-linejoin="round"
          stroke-width="2"
        />
      </svg>
    </button>
  </div>
</DocumentFragment>
`;
